// Jest Snapshot v1, https://goo.gl/fbAQLP

exports[`<TopicReplies /> should render correctly 1`] = `
<div
  className="ant-card ant-card-bordered"
  id="topic__reply"
>
  <div
    className="ant-card-head"
  >
    <div
      className="ant-card-head-wrapper"
    >
      <div
        className="ant-card-head-title"
      >
        回复
      </div>
    </div>
  </div>
  <div
    className="ant-card-body"
    style={Object {}}
  >
    <div
      className="ant-list ant-list-split ant-list-something-after-last-item"
    >
      <div
        className="ant-spin-nested-loading"
        style={null}
      >
        <div
          className="ant-spin-container"
        >
          <div
            className="ant-list-item"
            id="001"
          >
            <div
              className="ant-list-item-meta"
            >
              <div
                className="ant-list-item-meta-avatar"
              >
                <span
                  className="ant-avatar ant-avatar-lg ant-avatar-circle ant-avatar-image"
                >
                  <img
                    onError={[Function]}
                    src="//"
                  />
                </span>
              </div>
              <div
                className="ant-list-item-meta-content"
              >
                <h4
                  className="ant-list-item-meta-title"
                >
                  <div>
                    <a
                      href="/user/admin"
                      onClick={[Function]}
                    >
                      <div
                        className="ant-tag ant-tag-green"
                        data-show={true}
                        style={
                          Object {
                            "backgroundColor": null,
                          }
                        }
                      >
                        admin
                      </div>
                    </a>
                    <div
                      className="ant-divider ant-divider-vertical"
                    />
                    <a
                      href="#001"
                    >
                      1 楼
                    </a>
                    <div
                      className="ant-divider ant-divider-vertical"
                    />
                    <span>
                      a day ago
                    </span>
                    <div
                      className="ant-divider ant-divider-vertical"
                    />
                    <div>
                      <ul
                        className="ant-rate"
                        onBlur={[Function]}
                        onFocus={[Function]}
                        onKeyDown={[Function]}
                        onMouseLeave={[Function]}
                        style={Object {}}
                        tabIndex={0}
                      >
                        <li
                          className="ant-rate-star ant-rate-star-zero"
                          onClick={[Function]}
                          onMouseMove={[Function]}
                        >
                          <div
                            className="ant-rate-star-first"
                          >
                            <i
                              className="anticon anticon-like"
                            />
                          </div>
                          <div
                            className="ant-rate-star-second"
                          >
                            <i
                              className="anticon anticon-like"
                            />
                          </div>
                        </li>
                      </ul>
                    </div>
                  </div>
                </h4>
                <div
                  className="ant-list-item-meta-description"
                >
                  <div
                    className="markdown-body"
                  >
                    <p>
                      content
                    </p>
                  </div>
                </div>
              </div>
            </div>
          </div>
          <div
            className="ant-list-item"
            id="002"
          >
            <div
              className="ant-list-item-meta"
            >
              <div
                className="ant-list-item-meta-avatar"
              >
                <span
                  className="ant-avatar ant-avatar-lg ant-avatar-circle ant-avatar-image"
                >
                  <img
                    onError={[Function]}
                    src="//"
                  />
                </span>
              </div>
              <div
                className="ant-list-item-meta-content"
              >
                <h4
                  className="ant-list-item-meta-title"
                >
                  <div>
                    <a
                      href="/user/guest"
                      onClick={[Function]}
                    >
                      <div
                        className="ant-tag ant-tag-purple"
                        data-show={true}
                        style={
                          Object {
                            "backgroundColor": null,
                          }
                        }
                      >
                        guest
                      </div>
                    </a>
                    <div
                      className="ant-divider ant-divider-vertical"
                    />
                    <a
                      href="#002"
                    >
                      2 楼
                    </a>
                    <div
                      className="ant-divider ant-divider-vertical"
                    />
                    <span>
                      a day ago
                    </span>
                    <div
                      className="ant-divider ant-divider-vertical"
                    />
                    <div>
                      <ul
                        className="ant-rate"
                        onBlur={[Function]}
                        onFocus={[Function]}
                        onKeyDown={[Function]}
                        onMouseLeave={[Function]}
                        style={Object {}}
                        tabIndex={0}
                      >
                        <li
                          className="ant-rate-star ant-rate-star-zero"
                          onClick={[Function]}
                          onMouseMove={[Function]}
                        >
                          <div
                            className="ant-rate-star-first"
                          >
                            <i
                              className="anticon anticon-like"
                            />
                          </div>
                          <div
                            className="ant-rate-star-second"
                          >
                            <i
                              className="anticon anticon-like"
                            />
                          </div>
                        </li>
                      </ul>
                    </div>
                  </div>
                </h4>
                <div
                  className="ant-list-item-meta-description"
                >
                  <div
                    className="markdown-body"
                  >
                    <p>
                      guest content
                    </p>
                  </div>
                </div>
              </div>
            </div>
          </div>
        </div>
      </div>
      <div
        className="ant-list-pagination"
      >
        <ul
          className="ant-pagination "
          style={Object {}}
          unselectable="unselectable"
        >
          <li
            aria-disabled={true}
            className="ant-pagination-disabled ant-pagination-prev"
            onClick={[Function]}
            onKeyPress={[Function]}
            tabIndex={null}
            title="Previous Page"
          >
            <a
              className="ant-pagination-item-link"
            />
          </li>
          <li
            className="ant-pagination-item ant-pagination-item-1 ant-pagination-item-active"
            onClick={[Function]}
            onKeyPress={[Function]}
            tabIndex="0"
            title={1}
          >
            <a>
              1
            </a>
          </li>
          <li
            aria-disabled={true}
            className="ant-pagination-disabled ant-pagination-next"
            onClick={[Function]}
            onKeyPress={[Function]}
            tabIndex={null}
            title="Next Page"
          >
            <a
              className="ant-pagination-item-link"
            />
          </li>
          <li
            className="ant-pagination-options"
          >
            <div
              className="ant-pagination-options-size-changer ant-select ant-select-enabled"
              onBlur={[Function]}
              onClick={[Function]}
              onFocus={[Function]}
              onMouseDown={[Function]}
              onTouchStart={[Function]}
            >
              <div
                aria-autocomplete="list"
                aria-expanded={false}
                aria-haspopup="true"
                className="ant-select-selection
            ant-select-selection--single"
                onKeyDown={[Function]}
                role="combobox"
                tabIndex={0}
              >
                <div
                  className="ant-select-selection__rendered"
                >
                  <div
                    className="ant-select-selection-selected-value"
                    style={
                      Object {
                        "display": "block",
                        "opacity": 1,
                      }
                    }
                    title="10 / page"
                  >
                    10 / page
                  </div>
                </div>
                <span
                  className="ant-select-arrow"
                  onClick={[Function]}
                  style={
                    Object {
                      "WebkitUserSelect": "none",
                      "userSelect": "none",
                    }
                  }
                  unselectable="on"
                >
                  <b />
                </span>
              </div>
            </div>
            <div
              className="ant-pagination-options-quick-jumper"
            >
              Goto
              <input
                onChange={[Function]}
                onKeyUp={[Function]}
                type="text"
                value=""
              />
            </div>
          </li>
        </ul>
      </div>
    </div>
  </div>
</div>
`;

exports[`<TopicReplies /> should render null 1`] = `""`;
